8 rnbqkbnr
7 pppppppp
6  _ _ _ _
5 _ _ _ _ 
4  _ _ _ _
3 _ _ _ _ 
2 PPPPPPPP
1 RNBQKBNR

  abcdefgh
8  _ _ _ _
7 _ _ _ _ 
6  _ _ _ _
5 _ _ _ _ 
4  _ _ _ _
3 _ _ _ _ 
2  _ _ _ _
1 _ _ K _ 

  abcdefgh
8  _ _ _ _
7 _ _ _ _ 
6  _ _ _ _
5 _ _ _ _ 
4  _ _ _ _
3 _ _ _ _ 
2  _ _ _ _
1 _ B K _ 

  abcdefgh
8  _ _ _ _
7 _ _ _ _ 
6  _ _ _ _
5 _ _ _ _ 
4  _ _ _ _
3 _ _ _ _ 
2  _ _P_ _
1 _ B K _ 

  abcdefgh
8  _ _k_ _
7 _ _ _ _ 
6  _ _ _ _
5 _ _ _ _ 
4  _ _ _ _
3 _ _ _ _ 
2  _ _P_ _
1 _ B K _ 

  abcdefgh
Setup completed!
8  _ _k_ _
7 _ _ _ _ 
6  _ _ _ _
5 _ _ _ _ 
4  _ _ _ _
3 _ _ B _ 
2  _ _P_ _
1 _ _ K _ 

  abcdefgh
8  _ _ k _
7 _ _ _ _ 
6  _ _ _ _
5 _ _ _ _ 
4  _ _ _ _
3 _ _ B _ 
2  _ _P_ _
1 _ _ K _ 

  abcdefgh
8  _ _ k _
7 _ _ _ _ 
6  _ _ _ _
5 _ _ _ _ 
4  _ _ _ _
3 _ _ _ _ 
2  _ BP_ _
1 _ _ K _ 

  abcdefgh
8  _ _k_ _
7 _ _ _ _ 
6  _ _ _ _
5 _ _ _ _ 
4  _ _ _ _
3 _ _ _ _ 
2  _ BP_ _
1 _ _ K _ 

  abcdefgh
8  _ _k_ _
7 _ _ _ _ 
6  _ _ _ _
5 _ _ _ _ 
4  _ _ _ _
3 _ B _ _ 
2  _ _P_ _
1 _ _ K _ 

  abcdefgh
8  _ _ k _
7 _ _ _ _ 
6  _ _ _ _
5 _ _ _ _ 
4  _ _ _ _
3 _ B _ _ 
2  _ _P_ _
1 _ _ K _ 

  abcdefgh
8  _ _ k _
7 _ _ _ _ 
6  _ _ _ _
5 _ _ _ _ 
4  _ _ _ _
3 _ _ _ _ 
2  _ _P_ _
1 B _ K _ 

  abcdefgh
8  _ _k_ _
7 _ _ _ _ 
6  _ _ _ _
5 _ _ _ _ 
4  _ _ _ _
3 _ _ _ _ 
2  _ _P_ _
1 B _ K _ 

  abcdefgh
8  _ _k_ _
7 _ _ _ _ 
6  _ _ _ _
5 _ _ _ _ 
4  _ _P_ _
3 _ _ _ _ 
2  _ _ _ _
1 B _ K _ 

  abcdefgh
8  _ _ k _
7 _ _ _ _ 
6  _ _ _ _
5 _ _ _ _ 
4  _ _P_ _
3 _ _ _ _ 
2  _ _ _ _
1 B _ K _ 

  abcdefgh
8  _ _ k _
7 _ _ _ _ 
6  _ _ _ _
5 _ _ P _ 
4  _ _ _ _
3 _ _ _ _ 
2  _ _ _ _
1 B _ K _ 

  abcdefgh
8  _ _k_ _
7 _ _ _ _ 
6  _ _ _ _
5 _ _ P _ 
4  _ _ _ _
3 _ _ _ _ 
2  _ _ _ _
1 B _ K _ 

  abcdefgh
Invalid move
Final Score:
White: 0
Black: 0
