8 rnbqkbnr
7 pppppppp
6  _ _ _ _
5 _ _ _ _ 
4  _ _ _ _
3 _ _ _ _ 
2 PPPPPPPP
1 RNBQKBNR

  abcdefgh
8  _ _ _ _
7 _ _ _ _ 
6  _ _ _ _
5 _ _ _ _ 
4  _ _ _ _
3 _ _ _ _ 
2  _ _ _ _
1 _ _ K _ 

  abcdefgh
8  _ _k_ _
7 _ _ _ _ 
6  _ _ _ _
5 _ _ _ _ 
4  _ _ _ _
3 _ _ _ _ 
2  _ _ _ _
1 _ _ K _ 

  abcdefgh
Setup completed!
8  _ _k_ _
7 _ _ _ _ 
6  _ _ _ _
5 _ _ _ _ 
4  _ _ _ _
3 _ _ _ _ 
2  _ _K_ _
1 _ _ _ _ 

  abcdefgh
8  _ _ _ _
7 _ _ k _ 
6  _ _ _ _
5 _ _ _ _ 
4  _ _ _ _
3 _ _ _ _ 
2  _ _K_ _
1 _ _ _ _ 

  abcdefgh
8  _ _ _ _
7 _ _ k _ 
6  _ _ _ _
5 _ _ _ _ 
4  _ _ _ _
3 _ _K_ _ 
2  _ _ _ _
1 _ _ _ _ 

  abcdefgh
8  _ _ _ _
7 _ _ _ _ 
6  _ _ k _
5 _ _ _ _ 
4  _ _ _ _
3 _ _K_ _ 
2  _ _ _ _
1 _ _ _ _ 

  abcdefgh
8  _ _ _ _
7 _ _ _ _ 
6  _ _ k _
5 _ _ _ _ 
4  _ _K_ _
3 _ _ _ _ 
2  _ _ _ _
1 _ _ _ _ 

  abcdefgh
8  _ _ _ _
7 _ _ _ k 
6  _ _ _ _
5 _ _ _ _ 
4  _ _K_ _
3 _ _ _ _ 
2  _ _ _ _
1 _ _ _ _ 

  abcdefgh
8  _ _ _ _
7 _ _ _ k 
6  _ _ _ _
5 _ _K_ _ 
4  _ _ _ _
3 _ _ _ _ 
2  _ _ _ _
1 _ _ _ _ 

  abcdefgh
8  _ _ _ _
7 _ _ _k_ 
6  _ _ _ _
5 _ _K_ _ 
4  _ _ _ _
3 _ _ _ _ 
2  _ _ _ _
1 _ _ _ _ 

  abcdefgh
8  _ _ _ _
7 _ _ _k_ 
6  _ _ _ _
5 _ K _ _ 
4  _ _ _ _
3 _ _ _ _ 
2  _ _ _ _
1 _ _ _ _ 

  abcdefgh
Final Score:
White: 0
Black: 0
