8 rnbqkbnr
7 pppppppp
6  _ _ _ _
5 _ _ _ _ 
4  _ _ _ _
3 _ _ _ _ 
2 PPPPPPPP
1 RNBQKBNR

  abcdefgh
8  _ _ _ _
7 _ _ _ _ 
6  _ _ _ _
5 _ _ _ _ 
4  _ _ _ _
3 _ _ _ _ 
2  _ _ _ _
1 K _ _ _ 

  abcdefgh
8  _ _ _ _
7 _ _ _ _k
6  _ _ _ _
5 _ _ _ _ 
4  _ _ _ _
3 _ _ _ _ 
2  _ _ _ _
1 K _ _ _ 

  abcdefgh
8  _ _ _ _
7 _q_ _ _k
6  _ _ _ _
5 _ _ _ _ 
4  _ _ _ _
3 _ _ _ _ 
2  _ _ _ _
1 K _ _ _ 

  abcdefgh
Setup completed!
Cannot move to cause a self-check.
Final Score:
White: 0
Black: 0
